 0: Exit
 1: Play bingo
 2: Set number separator
 3: Create a bingo card
 4: List existing cards
 5: Set bingo card size

Enter the number of rows for the card
Enter the number of columns for the card
The bingo card size is set to 3 rows X 2 columns
 0: Exit
 1: Play bingo
 2: Set number separator
 3: Create a bingo card
 4: List existing cards
 5: Set bingo card size

Enter 6 numbers for your card (separated by ' ')
Try again: you entered 1 numbers instead of 6
Enter 6 numbers for your card (separated by ' ')
Try again: you entered 2 numbers instead of 6
Enter 6 numbers for your card (separated by ' ')
You entered
41, 8, 71, 32, 97, 82
 0: Exit
 1: Play bingo
 2: Set number separator
 3: Create a bingo card
 4: List existing cards
 5: Set bingo card size

Card  0 numbers:
41  8
71 32
97 82
 0: Exit
 1: Play bingo
 2: Set number separator
 3: Create a bingo card
 4: List existing cards
 5: Set bingo card size

Thank you for playing
