 0: Exit
 1: Play bingo
 2: Set number separator
 3: Create a bingo card
 4: List existing cards
 5: Set bingo card size

Enter the number of rows for the card
Enter the number of columns for the card
The bingo card size is set to 3 rows X 2 columns
 0: Exit
 1: Play bingo
 2: Set number separator
 3: Create a bingo card
 4: List existing cards
 5: Set bingo card size

Enter 6 numbers for your card (separated by ' ')
You entered
54, 2, 32, 6, 16, 19
 0: Exit
 1: Play bingo
 2: Set number separator
 3: Create a bingo card
 4: List existing cards
 5: Set bingo card size

Enter 6 numbers for your card (separated by ' ')
You entered
5, 3, 9, 4, 87, 39
 0: Exit
 1: Play bingo
 2: Set number separator
 3: Create a bingo card
 4: List existing cards
 5: Set bingo card size

Enter 6 numbers for your card (separated by ' ')
You entered
42, 5, 37, 4, 12, 7
 0: Exit
 1: Play bingo
 2: Set number separator
 3: Create a bingo card
 4: List existing cards
 5: Set bingo card size

Card  0 numbers:
54  2
32  6
16 19
Card  1 numbers:
 5  3
 9  4
87 39
Card  2 numbers:
42  5
37  4
12  7
 0: Exit
 1: Play bingo
 2: Set number separator
 3: Create a bingo card
 4: List existing cards
 5: Set bingo card size

Thank you for playing
